[2026-08-13 23:41:45,034] INFO: logging in using static token
[2026-08-13 23:41:45,706] INFO: Connected to MySQL database.
[2026-08-13 23:41:45,708] INFO: Loaded cog: events.error_handler
[2026-08-13 23:41:45,709] INFO: Loaded cog: events.on_ready
[2026-08-13 23:41:45,714] INFO: Loaded cog: commands.admin
[2026-08-13 23:41:45,715] INFO: Loaded cog: commands.bank
[2026-08-13 23:41:45,718] INFO: Loaded cog: commands.blackjack
[2026-08-13 23:41:45,719] INFO: Loaded cog: commands.coinflip
[2026-08-13 23:41:45,719] INFO: Loaded cog: commands.cooldowns
[2026-08-13 23:41:45,720] INFO: Loaded cog: commands.dice
[2026-08-13 23:41:45,722] INFO: Loaded cog: commands.economy
[2026-08-13 23:41:45,722] INFO: Loaded cog: commands.help
[2026-08-13 23:41:45,724] INFO: Loaded cog: commands.hilo
[2026-08-13 23:41:45,725] INFO: Loaded cog: commands.hustle
[2026-08-13 23:41:45,726] INFO: Loaded cog: commands.keno
[2026-08-13 23:41:45,727] INFO: Loaded cog: commands.limbo
[2026-08-13 23:41:45,729] INFO: Loaded cog: commands.lottery
[2026-08-13 23:41:45,731] INFO: Loaded cog: commands.marriage
[2026-08-13 23:41:45,732] INFO: Loaded cog: commands.mines
[2026-08-13 23:41:45,733] INFO: Loaded cog: commands.plinko
[2026-08-13 23:41:45,734] INFO: Loaded cog: commands.profile
[2026-08-13 23:41:45,734] INFO: Loaded cog: commands.roulette
[2026-08-13 23:41:45,738] INFO: Loaded cog: commands.rpg_arena
[2026-08-13 23:41:45,739] INFO: Loaded cog: commands.rpg_character
[2026-08-13 23:41:45,742] INFO: Loaded cog: commands.rpg_dungeon
[2026-08-13 23:41:45,744] INFO: Loaded cog: commands.rpg_shop
[2026-08-13 23:41:45,746] INFO: Loaded cog: commands.settings
[2026-08-13 23:41:45,748] INFO: Loaded cog: commands.shop
[2026-08-13 23:41:45,749] INFO: Loaded cog: commands.slots
[2026-08-13 23:41:45,750] INFO: Loaded cog: commands.trade
[2026-08-13 23:41:46,261] INFO: Synced 59 slash commands.
[2026-08-13 23:41:47,052] INFO: Shard ID None has connected to Gateway (Session ID: aa4927969d7a3e1339d25a6ade5ab3db).
[2026-08-13 23:41:49,066] INFO: Logged in as Gambler#4914 (ID: 1537515505374601246)
[2026-08-13 23:45:22,569] INFO: [DIAG] command=help invoked via=message message_id=1537577834913206444 interaction_id=None
