2026-08-13 23:48:26,604 [INFO] discord.client: logging in using static token
2026-08-13 23:48:28,023 [INFO] gambler: Connected to MySQL database.
2026-08-13 23:48:28,025 [INFO] gambler: Loaded cog: events.error_handler
2026-08-13 23:48:28,025 [INFO] gambler: Loaded cog: events.on_ready
2026-08-13 23:48:28,029 [INFO] gambler: Loaded cog: commands.admin
2026-08-13 23:48:28,030 [INFO] gambler: Loaded cog: commands.bank
2026-08-13 23:48:28,032 [INFO] gambler: Loaded cog: commands.blackjack
2026-08-13 23:48:28,033 [INFO] gambler: Loaded cog: commands.coinflip
2026-08-13 23:48:28,033 [INFO] gambler: Loaded cog: commands.cooldowns
2026-08-13 23:48:28,034 [INFO] gambler: Loaded cog: commands.dice
2026-08-13 23:48:28,035 [INFO] gambler: Loaded cog: commands.economy
2026-08-13 23:48:28,036 [INFO] gambler: Loaded cog: commands.help
2026-08-13 23:48:28,037 [INFO] gambler: Loaded cog: commands.hilo
2026-08-13 23:48:28,038 [INFO] gambler: Loaded cog: commands.hustle
2026-08-13 23:48:28,038 [INFO] gambler: Loaded cog: commands.keno
2026-08-13 23:48:28,039 [INFO] gambler: Loaded cog: commands.limbo
2026-08-13 23:48:28,041 [INFO] gambler: Loaded cog: commands.lottery
2026-08-13 23:48:28,042 [INFO] gambler: Loaded cog: commands.marriage
2026-08-13 23:48:28,043 [INFO] gambler: Loaded cog: commands.mines
2026-08-13 23:48:28,044 [INFO] gambler: Loaded cog: commands.plinko
2026-08-13 23:48:28,045 [INFO] gambler: Loaded cog: commands.profile
2026-08-13 23:48:28,045 [INFO] gambler: Loaded cog: commands.roulette
2026-08-13 23:48:28,048 [INFO] gambler: Loaded cog: commands.rpg_arena
2026-08-13 23:48:28,050 [INFO] gambler: Loaded cog: commands.rpg_character
2026-08-13 23:48:28,052 [INFO] gambler: Loaded cog: commands.rpg_dungeon
2026-08-13 23:48:28,054 [INFO] gambler: Loaded cog: commands.rpg_shop
2026-08-13 23:48:28,056 [INFO] gambler: Loaded cog: commands.settings
2026-08-13 23:48:28,058 [INFO] gambler: Loaded cog: commands.shop
2026-08-13 23:48:28,058 [INFO] gambler: Loaded cog: commands.slots
2026-08-13 23:48:28,059 [INFO] gambler: Loaded cog: commands.trade
2026-08-13 23:48:28,603 [INFO] gambler: Synced 59 slash commands.
2026-08-13 23:48:29,449 [INFO] discord.gateway: Shard ID None has connected to Gateway (Session ID: fed693e27c4d575dfd98bda783bed65b).
2026-08-13 23:48:31,462 [INFO] gambler: Logged in as Gambler#4914 (ID: 1537515505374601246)
